111
345
rtsg dsf dsb
we
45 34
i i d df s
